// Vitest Snapshot v1, https://vitest.dev/guide/snapshot.html

exports[`Button (web) > Clickable should match snapshot 1`] = `
"
  

<div><div class="css-view-g5y9jx" style="padding: 16px;"><div tabindex="0" class="css-view-g5y9jx r-transitionProperty-1i6wzkk r-userSelect-lrvibr r-cursor-1loqt21 r-touchAction-1otgn73 r-backgroundColor-aot4c7 r-borderRadius-1xfd6ze r-paddingBlock-11f147o r-paddingInline-1fkl15p" style="transition-duration: 0.25s;"><div dir="auto" class="css-text-146c3p1 r-color-jwli3a r-fontSize-ubezar r-fontWeight-vw2c0b">Press me</div></div></div></div>"
`;

exports[`Button (web) > Default should match snapshot 1`] = `
"
  

<div><div class="css-view-g5y9jx" style="padding: 16px;"><div tabindex="0" class="css-view-g5y9jx r-transitionProperty-1i6wzkk r-userSelect-lrvibr r-cursor-1loqt21 r-touchAction-1otgn73 r-backgroundColor-aot4c7 r-borderRadius-1xfd6ze r-paddingBlock-11f147o r-paddingInline-1fkl15p" style="transition-duration: 0s;"><div dir="auto" class="css-text-146c3p1 r-color-jwli3a r-fontSize-ubezar r-fontWeight-vw2c0b">Click me!</div></div></div></div>"
`;

exports[`Button (web) > ShortText should match snapshot 1`] = `
"
  

<div><div class="css-view-g5y9jx" style="padding: 16px;"><div tabindex="0" class="css-view-g5y9jx r-transitionProperty-1i6wzkk r-userSelect-lrvibr r-cursor-1loqt21 r-touchAction-1otgn73 r-backgroundColor-aot4c7 r-borderRadius-1xfd6ze r-paddingBlock-11f147o r-paddingInline-1fkl15p" style="transition-duration: 0s;"><div dir="auto" class="css-text-146c3p1 r-color-jwli3a r-fontSize-ubezar r-fontWeight-vw2c0b">OK</div></div></div></div>"
`;

exports[`Button (web) > WithLongText should match snapshot 1`] = `
"
  

<div><div class="css-view-g5y9jx" style="padding: 16px;"><div tabindex="0" class="css-view-g5y9jx r-transitionProperty-1i6wzkk r-userSelect-lrvibr r-cursor-1loqt21 r-touchAction-1otgn73 r-backgroundColor-aot4c7 r-borderRadius-1xfd6ze r-paddingBlock-11f147o r-paddingInline-1fkl15p" style="transition-duration: 0s;"><div dir="auto" class="css-text-146c3p1 r-color-jwli3a r-fontSize-ubezar r-fontWeight-vw2c0b">This is a button with a much longer text label</div></div></div></div>"
`;
